0 verbose cli /data/data/com.termux/files/usr/bin/node /data/data/com.termux/files/usr/bin/npm
1 info using npm@11.19.0
2 info using node@v26.4.0
3 silly config load:file:/data/data/com.termux/files/usr/lib/node_modules/npm/npmrc
4 silly config load:file:/data/data/com.termux/files/home/stream-recorder/.npmrc
5 silly config load:file:/data/data/com.termux/files/home/.npmrc
6 silly config load:file:/data/data/com.termux/files/usr/etc/npmrc
7 verbose title npm install
8 verbose argv "install"
9 verbose logfile logs-max:10 dir:/data/data/com.termux/files/home/.npm/_logs/2026-08-11T19_22_47_636Z-
10 verbose logfile /data/data/com.termux/files/home/.npm/_logs/2026-08-11T19_22_47_636Z-debug-0.log
11 silly logfile start cleaning logs, removing 1 files
12 silly logfile done cleaning log files
13 silly packumentCache heap:1113325568 maxSize:278331392 maxEntrySize:139165696
14 silly idealTree buildDeps
15 silly fetch manifest multer@^1.4.5-lts.1
16 silly packumentCache full:https://registry.npmjs.org/multer cache-miss
17 http fetch GET 200 https://registry.npmjs.org/multer 1443ms (cache revalidated)
18 silly packumentCache full:https://registry.npmjs.org/multer set size:156441 disposed:false
19 silly placeDep ROOT multer@1.4.5-lts.2 OK for: stream-recorder@1.0.0 want: ^1.4.5-lts.1
20 silly fetch manifest xtend@^4.0.0
21 silly packumentCache full:https://registry.npmjs.org/xtend cache-miss
22 silly fetch manifest busboy@^1.0.0
23 silly packumentCache full:https://registry.npmjs.org/busboy cache-miss
24 silly fetch manifest mkdirp@^0.5.4
25 silly packumentCache full:https://registry.npmjs.org/mkdirp cache-miss
26 silly fetch manifest append-field@^1.0.0
27 silly packumentCache full:https://registry.npmjs.org/append-field cache-miss
28 silly fetch manifest concat-stream@^1.5.2
29 silly packumentCache full:https://registry.npmjs.org/concat-stream cache-miss
30 http fetch GET 200 https://registry.npmjs.org/busboy 341ms (cache revalidated)
31 silly packumentCache full:https://registry.npmjs.org/busboy set size:78901 disposed:false
32 http fetch GET 200 https://registry.npmjs.org/append-field 684ms (cache revalidated)
33 silly packumentCache full:https://registry.npmjs.org/append-field set size:7798 disposed:false
34 http fetch GET 200 https://registry.npmjs.org/xtend 740ms (cache revalidated)
35 silly packumentCache full:https://registry.npmjs.org/xtend set size:28314 disposed:false
36 http fetch GET 200 https://registry.npmjs.org/mkdirp 787ms (cache revalidated)
37 silly packumentCache full:https://registry.npmjs.org/mkdirp set size:116415 disposed:false
38 http fetch GET 200 https://registry.npmjs.org/concat-stream 815ms (cache revalidated)
39 silly packumentCache full:https://registry.npmjs.org/concat-stream set size:63783 disposed:false
40 silly placeDep ROOT append-field@1.0.0 OK for: multer@1.4.5-lts.2 want: ^1.0.0
41 silly placeDep ROOT busboy@1.6.0 OK for: multer@1.4.5-lts.2 want: ^1.0.0
42 silly placeDep ROOT concat-stream@1.6.2 OK for: multer@1.4.5-lts.2 want: ^1.5.2
43 silly placeDep ROOT mkdirp@0.5.6 OK for: multer@1.4.5-lts.2 want: ^0.5.4
44 silly placeDep ROOT xtend@4.0.2 OK for: multer@1.4.5-lts.2 want: ^4.0.0
45 silly fetch manifest streamsearch@^1.1.0
46 silly packumentCache full:https://registry.npmjs.org/streamsearch cache-miss
47 silly fetch manifest buffer-from@^1.0.0
48 silly packumentCache full:https://registry.npmjs.org/buffer-from cache-miss
49 silly fetch manifest readable-stream@^2.2.2
50 silly packumentCache full:https://registry.npmjs.org/readable-stream cache-miss
51 silly fetch manifest typedarray@^0.0.6
52 silly packumentCache full:https://registry.npmjs.org/typedarray cache-miss
53 silly fetch manifest minimist@^1.2.6
54 silly packumentCache full:https://registry.npmjs.org/minimist cache-miss
55 http fetch GET 200 https://registry.npmjs.org/buffer-from 263ms (cache revalidated)
56 silly packumentCache full:https://registry.npmjs.org/buffer-from set size:15463 disposed:false
57 http fetch GET 200 https://registry.npmjs.org/streamsearch 298ms (cache revalidated)
58 silly packumentCache full:https://registry.npmjs.org/streamsearch set size:27372 disposed:false
59 http fetch GET 200 https://registry.npmjs.org/readable-stream 334ms (cache revalidated)
60 silly packumentCache full:https://registry.npmjs.org/readable-stream set size:261096 disposed:false
61 http fetch GET 200 https://registry.npmjs.org/typedarray 383ms (cache revalidated)
62 silly packumentCache full:https://registry.npmjs.org/typedarray set size:18469 disposed:false
63 http fetch GET 200 https://registry.npmjs.org/minimist 392ms (cache revalidated)
64 silly packumentCache full:https://registry.npmjs.org/minimist set size:77063 disposed:false
65 silly placeDep ROOT streamsearch@1.1.0 OK for: busboy@1.6.0 want: ^1.1.0
66 silly placeDep ROOT buffer-from@1.1.2 OK for: concat-stream@1.6.2 want: ^1.0.0
67 silly placeDep node_modules/concat-stream readable-stream@2.3.8 OK for: concat-stream@1.6.2 want: ^2.2.2
68 silly placeDep ROOT typedarray@0.0.6 OK for: concat-stream@1.6.2 want: ^0.0.6
69 silly fetch manifest isarray@~1.0.0
70 silly packumentCache full:https://registry.npmjs.org/isarray cache-miss
71 silly fetch manifest safe-buffer@~5.1.1
72 silly packumentCache full:https://registry.npmjs.org/safe-buffer cache-miss
73 silly fetch manifest core-util-is@~1.0.0
74 silly packumentCache full:https://registry.npmjs.org/core-util-is cache-miss
75 silly fetch manifest string_decoder@~1.1.1
76 silly packumentCache full:https://registry.npmjs.org/string_decoder cache-miss
77 silly fetch manifest process-nextick-args@~2.0.0
78 silly packumentCache full:https://registry.npmjs.org/process-nextick-args cache-miss
79 http fetch GET 200 https://registry.npmjs.org/safe-buffer 256ms (cache revalidated)
80 silly packumentCache full:https://registry.npmjs.org/safe-buffer set size:41183 disposed:false
81 http fetch GET 200 https://registry.npmjs.org/core-util-is 329ms (cache revalidated)
82 silly packumentCache full:https://registry.npmjs.org/core-util-is set size:7163 disposed:false
83 http fetch GET 200 https://registry.npmjs.org/isarray 350ms (cache revalidated)
84 silly packumentCache full:https://registry.npmjs.org/isarray set size:17392 disposed:false
85 http fetch GET 200 https://registry.npmjs.org/string_decoder 350ms (cache revalidated)
86 silly packumentCache full:https://registry.npmjs.org/string_decoder set size:28441 disposed:false
87 http fetch GET 200 https://registry.npmjs.org/process-nextick-args 361ms (cache revalidated)
88 silly packumentCache full:https://registry.npmjs.org/process-nextick-args set size:15428 disposed:false
89 silly placeDep ROOT minimist@1.2.8 OK for: mkdirp@0.5.6 want: ^1.2.6
90 silly placeDep ROOT core-util-is@1.0.3 OK for: readable-stream@2.3.8 want: ~1.0.0
91 silly placeDep ROOT isarray@1.0.0 OK for: readable-stream@2.3.8 want: ~1.0.0
92 silly placeDep ROOT process-nextick-args@2.0.1 OK for: readable-stream@2.3.8 want: ~2.0.0
93 silly placeDep node_modules/concat-stream safe-buffer@5.1.2 OK for: readable-stream@2.3.8 want: ~5.1.1
94 silly placeDep node_modules/concat-stream string_decoder@1.1.1 OK for: readable-stream@2.3.8 want: ~1.1.1
95 silly reify moves {}
96 silly audit bulk request {
96 silly audit   '@aws-sdk/checksums': [ '3.1000.26' ],
96 silly audit   '@aws-sdk/client-s3': [ '3.1106.0' ],
96 silly audit   '@aws-sdk/core': [ '3.977.6' ],
96 silly audit   '@aws-sdk/credential-provider-env': [ '3.972.67' ],
96 silly audit   '@aws-sdk/credential-provider-http': [ '3.972.69' ],
96 silly audit   '@aws-sdk/credential-provider-ini': [ '3.973.12' ],
96 silly audit   '@aws-sdk/credential-provider-login': [ '3.972.74' ],
96 silly audit   '@aws-sdk/credential-provider-node': [ '3.972.78' ],
96 silly audit   '@aws-sdk/credential-provider-process': [ '3.972.67' ],
96 silly audit   '@aws-sdk/credential-provider-sso': [ '3.973.11' ],
96 silly audit   '@aws-sdk/credential-provider-web-identity': [ '3.972.73' ],
96 silly audit   '@aws-sdk/lib-storage': [ '3.1106.0' ],
96 silly audit   '@aws-sdk/middleware-sdk-s3': [ '3.972.72' ],
96 silly audit   '@aws-sdk/nested-clients': [ '3.997.41' ],
96 silly audit   '@aws-sdk/s3-request-presigner': [ '3.1106.0' ],
96 silly audit   '@aws-sdk/signature-v4-multi-region': [ '3.996.43' ],
96 silly audit   '@aws-sdk/token-providers': [ '3.1103.0' ],
96 silly audit   '@aws-sdk/types': [ '3.974.2' ],
96 silly audit   '@aws-sdk/xml-builder': [ '3.972.37' ],
96 silly audit   '@aws/lambda-invoke-store': [ '0.3.0' ],
96 silly audit   '@smithy/core': [ '3.31.1' ],
96 silly audit   '@smithy/credential-provider-imds': [ '4.4.16' ],
96 silly audit   '@smithy/fetch-http-handler': [ '5.6.13' ],
96 silly audit   '@smithy/node-http-handler': [ '4.9.13' ],
96 silly audit   '@smithy/signature-v4': [ '5.6.12' ],
96 silly audit   '@smithy/types': [ '4.16.1' ],
96 silly audit   accepts: [ '1.3.8' ],
96 silly audit   'array-flatten': [ '1.1.1' ],
96 silly audit   'base64-js': [ '1.5.1' ],
96 silly audit   'body-parser': [ '1.20.6' ],
96 silly audit   bowser: [ '2.14.1' ],
96 silly audit   buffer: [ '5.6.0' ],
96 silly audit   bytes: [ '3.1.2' ],
96 silly audit   'call-bind-apply-helpers': [ '1.0.2' ],
96 silly audit   'call-bound': [ '1.0.4' ],
96 silly audit   'content-disposition': [ '0.5.4' ],
96 silly audit   'content-type': [ '1.0.5' ],
96 silly audit   cookie: [ '0.7.2' ],
96 silly audit   'cookie-signature': [ '1.0.7' ],
96 silly audit   cors: [ '2.8.6' ],
96 silly audit   debug: [ '2.6.9' ],
96 silly audit   depd: [ '2.0.0' ],
96 silly audit   destroy: [ '1.2.0' ],
96 silly audit   dotenv: [ '16.6.1' ],
96 silly audit   'dunder-proto': [ '1.0.1' ],
96 silly audit   'ee-first': [ '1.1.1' ],
96 silly audit   encodeurl: [ '2.0.0' ],
96 silly audit   'es-define-property': [ '1.0.1' ],
96 silly audit   'es-errors': [ '1.3.0' ],
96 silly audit   'es-object-atoms': [ '1.1.2' ],
96 silly audit   'escape-html': [ '1.0.3' ],
96 silly audit   etag: [ '1.8.1' ],
96 silly audit   events: [ '3.3.0' ],
96 silly audit   express: [ '4.22.2' ],
96 silly audit   finalhandler: [ '1.3.2' ],
96 silly audit   forwarded: [ '0.2.0' ],
96 silly audit   fresh: [ '0.5.2' ],
96 silly audit   'function-bind': [ '1.1.2' ],
96 silly audit   'get-intrinsic': [ '1.3.0' ],
96 silly audit   'get-proto': [ '1.0.1' ],
96 silly audit   gopd: [ '1.2.0' ],
96 silly audit   'has-symbols': [ '1.1.0' ],
96 silly audit   hasown: [ '2.0.4' ],
96 silly audit   'http-errors': [ '2.0.1' ],
96 silly audit   'iconv-lite': [ '0.4.24' ],
96 silly audit   ieee754: [ '1.2.1' ],
96 silly audit   inherits: [ '2.0.4' ],
96 silly audit   'ipaddr.js': [ '1.9.1' ],
96 silly audit   'math-intrinsics': [ '1.1.0' ],
96 silly audit   'media-typer': [ '0.3.0' ],
96 silly audit   'merge-descriptors': [ '1.0.3' ],
96 silly audit   methods: [ '1.1.2' ],
96 silly audit   mime: [ '1.6.0' ],
96 silly audit   'mime-db': [ '1.52.0' ],
96 silly audit   'mime-types': [ '2.1.35' ],
96 silly audit   ms: [ '2.0.0', '2.1.3' ],
96 silly audit   negotiator: [ '0.6.3' ],
96 silly audit   'object-assign': [ '4.1.1' ],
96 silly audit   'object-inspect': [ '1.13.4' ],
96 silly audit   'on-finished': [ '2.4.1' ],
96 silly audit   parseurl: [ '1.3.3' ],
96 silly audit   'path-to-regexp': [ '0.1.13' ],
96 silly audit   'proxy-addr': [ '2.0.7' ],
96 silly audit   qs: [ '6.15.3' ],
96 silly audit   'range-parser': [ '1.2.1' ],
96 silly audit   'raw-body': [ '2.5.3' ],
96 silly audit   'readable-stream': [ '3.6.2', '2.3.8' ],
96 silly audit   'safe-buffer': [ '5.2.1', '5.1.2' ],
96 silly audit   'safer-buffer': [ '2.1.2' ],
96 silly audit   send: [ '0.19.2' ],
96 silly audit   'serve-static': [ '1.16.3' ],
96 silly audit   setprototypeof: [ '1.2.0' ],
96 silly audit   'side-channel': [ '1.1.1' ],
96 silly audit   'side-channel-list': [ '1.0.1' ],
96 silly audit   'side-channel-map': [ '1.0.1' ],
96 silly audit   'side-channel-weakmap': [ '1.0.2' ],
96 silly audit   statuses: [ '2.0.2' ],
96 silly audit   'stream-browserify': [ '3.0.0' ],
96 silly audit   string_decoder: [ '1.3.0', '1.1.1' ],
96 silly audit   toidentifier: [ '1.0.1' ],
96 silly audit   tslib: [ '2.8.1' ],
96 silly audit   'type-is': [ '1.6.18' ],
96 silly audit   unpipe: [ '1.0.0' ],
96 silly audit   'util-deprecate': [ '1.0.2' ],
96 silly audit   'utils-merge': [ '1.0.1' ],
96 silly audit   uuid: [ '9.0.1' ],
96 silly audit   vary: [ '1.1.2' ],
96 silly audit   multer: [ '1.4.5-lts.2' ],
96 silly audit   'append-field': [ '1.0.0' ],
96 silly audit   busboy: [ '1.6.0' ],
96 silly audit   'concat-stream': [ '1.6.2' ],
96 silly audit   mkdirp: [ '0.5.6' ],
96 silly audit   xtend: [ '4.0.2' ],
96 silly audit   streamsearch: [ '1.1.0' ],
96 silly audit   'buffer-from': [ '1.1.2' ],
96 silly audit   typedarray: [ '0.0.6' ],
96 silly audit   minimist: [ '1.2.8' ],
96 silly audit   'core-util-is': [ '1.0.3' ],
96 silly audit   isarray: [ '1.0.0' ],
96 silly audit   'process-nextick-args': [ '2.0.1' ]
96 silly audit }
97 http cache process-nextick-args@https://registry.npmjs.org/process-nextick-args/-/process-nextick-args-2.0.1.tgz 1ms (cache hit)
98 http cache isarray@https://registry.npmjs.org/isarray/-/isarray-1.0.0.tgz 0ms (cache hit)
99 http cache core-util-is@https://registry.npmjs.org/core-util-is/-/core-util-is-1.0.3.tgz 0ms (cache hit)
100 http cache minimist@https://registry.npmjs.org/minimist/-/minimist-1.2.8.tgz 0ms (cache hit)
101 http cache typedarray@https://registry.npmjs.org/typedarray/-/typedarray-0.0.6.tgz 0ms (cache hit)
102 http cache buffer-from@https://registry.npmjs.org/buffer-from/-/buffer-from-1.1.2.tgz 0ms (cache hit)
103 http cache streamsearch@https://registry.npmjs.org/streamsearch/-/streamsearch-1.1.0.tgz 1ms (cache hit)
104 http cache xtend@https://registry.npmjs.org/xtend/-/xtend-4.0.2.tgz 1ms (cache hit)
105 http cache mkdirp@https://registry.npmjs.org/mkdirp/-/mkdirp-0.5.6.tgz 0ms (cache hit)
106 http cache concat-stream@https://registry.npmjs.org/concat-stream/-/concat-stream-1.6.2.tgz 1ms (cache hit)
107 http cache busboy@https://registry.npmjs.org/busboy/-/busboy-1.6.0.tgz 0ms (cache hit)
108 http cache append-field@https://registry.npmjs.org/append-field/-/append-field-1.0.0.tgz 0ms (cache hit)
109 http cache multer@https://registry.npmjs.org/multer/-/multer-1.4.5-lts.2.tgz 0ms (cache hit)
110 http cache vary@https://registry.npmjs.org/vary/-/vary-1.1.2.tgz 0ms (cache hit)
111 http cache uuid@https://registry.npmjs.org/uuid/-/uuid-9.0.1.tgz 0ms (cache hit)
112 http cache utils-merge@https://registry.npmjs.org/utils-merge/-/utils-merge-1.0.1.tgz 1ms (cache hit)
113 http cache util-deprecate@https://registry.npmjs.org/util-deprecate/-/util-deprecate-1.0.2.tgz 0ms (cache hit)
114 http cache unpipe@https://registry.npmjs.org/unpipe/-/unpipe-1.0.0.tgz 0ms (cache hit)
115 http cache type-is@https://registry.npmjs.org/type-is/-/type-is-1.6.18.tgz 1ms (cache hit)
116 http cache tslib@https://registry.npmjs.org/tslib/-/tslib-2.8.1.tgz 0ms (cache hit)
117 http cache toidentifier@https://registry.npmjs.org/toidentifier/-/toidentifier-1.0.1.tgz 1ms (cache hit)
118 http cache string_decoder@https://registry.npmjs.org/string_decoder/-/string_decoder-1.3.0.tgz 0ms (cache hit)
119 http cache stream-browserify@https://registry.npmjs.org/stream-browserify/-/stream-browserify-3.0.0.tgz 1ms (cache hit)
120 http cache statuses@https://registry.npmjs.org/statuses/-/statuses-2.0.2.tgz 0ms (cache hit)
121 http cache side-channel-weakmap@https://registry.npmjs.org/side-channel-weakmap/-/side-channel-weakmap-1.0.2.tgz 0ms (cache hit)
122 http cache side-channel-map@https://registry.npmjs.org/side-channel-map/-/side-channel-map-1.0.1.tgz 0ms (cache hit)
123 http cache side-channel-list@https://registry.npmjs.org/side-channel-list/-/side-channel-list-1.0.1.tgz 0ms (cache hit)
124 http cache side-channel@https://registry.npmjs.org/side-channel/-/side-channel-1.1.1.tgz 1ms (cache hit)
125 http cache setprototypeof@https://registry.npmjs.org/setprototypeof/-/setprototypeof-1.2.0.tgz 0ms (cache hit)
126 http cache serve-static@https://registry.npmjs.org/serve-static/-/serve-static-1.16.3.tgz 1ms (cache hit)
127 http cache send@https://registry.npmjs.org/send/-/send-0.19.2.tgz 0ms (cache hit)
128 http cache safer-buffer@https://registry.npmjs.org/safer-buffer/-/safer-buffer-2.1.2.tgz 0ms (cache hit)
129 http cache safe-buffer@https://registry.npmjs.org/safe-buffer/-/safe-buffer-5.2.1.tgz 1ms (cache hit)
130 http cache readable-stream@https://registry.npmjs.org/readable-stream/-/readable-stream-3.6.2.tgz 0ms (cache hit)
131 http cache raw-body@https://registry.npmjs.org/raw-body/-/raw-body-2.5.3.tgz 0ms (cache hit)
132 http cache range-parser@https://registry.npmjs.org/range-parser/-/range-parser-1.2.1.tgz 0ms (cache hit)
133 http cache qs@https://registry.npmjs.org/qs/-/qs-6.15.3.tgz 0ms (cache hit)
134 http cache proxy-addr@https://registry.npmjs.org/proxy-addr/-/proxy-addr-2.0.7.tgz 0ms (cache hit)
135 http cache path-to-regexp@https://registry.npmjs.org/path-to-regexp/-/path-to-regexp-0.1.13.tgz 0ms (cache hit)
136 http cache parseurl@https://registry.npmjs.org/parseurl/-/parseurl-1.3.3.tgz 0ms (cache hit)
137 http cache on-finished@https://registry.npmjs.org/on-finished/-/on-finished-2.4.1.tgz 0ms (cache hit)
138 http cache object-inspect@https://registry.npmjs.org/object-inspect/-/object-inspect-1.13.4.tgz 0ms (cache hit)
139 http cache object-assign@https://registry.npmjs.org/object-assign/-/object-assign-4.1.1.tgz 1ms (cache hit)
140 http cache negotiator@https://registry.npmjs.org/negotiator/-/negotiator-0.6.3.tgz 0ms (cache hit)
141 http cache ms@https://registry.npmjs.org/ms/-/ms-2.0.0.tgz 0ms (cache hit)
142 http cache mime-types@https://registry.npmjs.org/mime-types/-/mime-types-2.1.35.tgz 0ms (cache hit)
143 http cache mime-db@https://registry.npmjs.org/mime-db/-/mime-db-1.52.0.tgz 0ms (cache hit)
144 http cache mime@https://registry.npmjs.org/mime/-/mime-1.6.0.tgz 0ms (cache hit)
145 http cache methods@https://registry.npmjs.org/methods/-/methods-1.1.2.tgz 0ms (cache hit)
146 http cache merge-descriptors@https://registry.npmjs.org/merge-descriptors/-/merge-descriptors-1.0.3.tgz 0ms (cache hit)
147 http cache media-typer@https://registry.npmjs.org/media-typer/-/media-typer-0.3.0.tgz 0ms (cache hit)
148 http cache math-intrinsics@https://registry.npmjs.org/math-intrinsics/-/math-intrinsics-1.1.0.tgz 1ms (cache hit)
149 http cache ipaddr.js@https://registry.npmjs.org/ipaddr.js/-/ipaddr.js-1.9.1.tgz 0ms (cache hit)
150 http cache inherits@https://registry.npmjs.org/inherits/-/inherits-2.0.4.tgz 0ms (cache hit)
151 http cache ieee754@https://registry.npmjs.org/ieee754/-/ieee754-1.2.1.tgz 1ms (cache hit)
152 http cache iconv-lite@https://registry.npmjs.org/iconv-lite/-/iconv-lite-0.4.24.tgz 0ms (cache hit)
153 http cache http-errors@https://registry.npmjs.org/http-errors/-/http-errors-2.0.1.tgz 0ms (cache hit)
154 http cache hasown@https://registry.npmjs.org/hasown/-/hasown-2.0.4.tgz 0ms (cache hit)
155 http cache has-symbols@https://registry.npmjs.org/has-symbols/-/has-symbols-1.1.0.tgz 0ms (cache hit)
156 http cache gopd@https://registry.npmjs.org/gopd/-/gopd-1.2.0.tgz 0ms (cache hit)
157 http cache get-proto@https://registry.npmjs.org/get-proto/-/get-proto-1.0.1.tgz 0ms (cache hit)
158 http cache get-intrinsic@https://registry.npmjs.org/get-intrinsic/-/get-intrinsic-1.3.0.tgz 0ms (cache hit)
159 http cache fresh@https://registry.npmjs.org/fresh/-/fresh-0.5.2.tgz 0ms (cache hit)
160 http cache forwarded@https://registry.npmjs.org/forwarded/-/forwarded-0.2.0.tgz 0ms (cache hit)
161 http cache function-bind@https://registry.npmjs.org/function-bind/-/function-bind-1.1.2.tgz 0ms (cache hit)
162 http cache finalhandler@https://registry.npmjs.org/finalhandler/-/finalhandler-1.3.2.tgz 0ms (cache hit)
163 http cache express@https://registry.npmjs.org/express/-/express-4.22.2.tgz 1ms (cache hit)
164 http cache events@https://registry.npmjs.org/events/-/events-3.3.0.tgz 0ms (cache hit)
165 http cache etag@https://registry.npmjs.org/etag/-/etag-1.8.1.tgz 1ms (cache hit)
166 http cache escape-html@https://registry.npmjs.org/escape-html/-/escape-html-1.0.3.tgz 0ms (cache hit)
167 http cache es-object-atoms@https://registry.npmjs.org/es-object-atoms/-/es-object-atoms-1.1.2.tgz 0ms (cache hit)
168 http cache es-errors@https://registry.npmjs.org/es-errors/-/es-errors-1.3.0.tgz 1ms (cache hit)
169 http cache es-define-property@https://registry.npmjs.org/es-define-property/-/es-define-property-1.0.1.tgz 0ms (cache hit)
170 http cache encodeurl@https://registry.npmjs.org/encodeurl/-/encodeurl-2.0.0.tgz 0ms (cache hit)
171 http cache ee-first@https://registry.npmjs.org/ee-first/-/ee-first-1.1.1.tgz 0ms (cache hit)
172 http cache dunder-proto@https://registry.npmjs.org/dunder-proto/-/dunder-proto-1.0.1.tgz 0ms (cache hit)
173 http cache dotenv@https://registry.npmjs.org/dotenv/-/dotenv-16.6.1.tgz 0ms (cache hit)
174 http cache destroy@https://registry.npmjs.org/destroy/-/destroy-1.2.0.tgz 1ms (cache hit)
175 http cache depd@https://registry.npmjs.org/depd/-/depd-2.0.0.tgz 1ms (cache hit)
176 http cache debug@https://registry.npmjs.org/debug/-/debug-2.6.9.tgz 1ms (cache hit)
177 http cache cors@https://registry.npmjs.org/cors/-/cors-2.8.6.tgz 0ms (cache hit)
178 http cache cookie-signature@https://registry.npmjs.org/cookie-signature/-/cookie-signature-1.0.7.tgz 1ms (cache hit)
179 http cache cookie@https://registry.npmjs.org/cookie/-/cookie-0.7.2.tgz 1ms (cache hit)
180 http cache content-type@https://registry.npmjs.org/content-type/-/content-type-1.0.5.tgz 1ms (cache hit)
181 http cache content-disposition@https://registry.npmjs.org/content-disposition/-/content-disposition-0.5.4.tgz 0ms (cache hit)
182 http cache call-bound@https://registry.npmjs.org/call-bound/-/call-bound-1.0.4.tgz 1ms (cache hit)
183 http cache call-bind-apply-helpers@https://registry.npmjs.org/call-bind-apply-helpers/-/call-bind-apply-helpers-1.0.2.tgz 0ms (cache hit)
184 http cache bytes@https://registry.npmjs.org/bytes/-/bytes-3.1.2.tgz 0ms (cache hit)
185 http cache buffer@https://registry.npmjs.org/buffer/-/buffer-5.6.0.tgz 0ms (cache hit)
186 http cache bowser@https://registry.npmjs.org/bowser/-/bowser-2.14.1.tgz 0ms (cache hit)
187 http cache body-parser@https://registry.npmjs.org/body-parser/-/body-parser-1.20.6.tgz 0ms (cache hit)
188 http cache base64-js@https://registry.npmjs.org/base64-js/-/base64-js-1.5.1.tgz 0ms (cache hit)
189 http cache array-flatten@https://registry.npmjs.org/array-flatten/-/array-flatten-1.1.1.tgz 0ms (cache hit)
190 http cache accepts@https://registry.npmjs.org/accepts/-/accepts-1.3.8.tgz 0ms (cache hit)
191 http cache @smithy/types@https://registry.npmjs.org/@smithy/types/-/types-4.16.1.tgz 0ms (cache hit)
192 http cache @smithy/signature-v4@https://registry.npmjs.org/@smithy/signature-v4/-/signature-v4-5.6.12.tgz 0ms (cache hit)
193 http cache @smithy/node-http-handler@https://registry.npmjs.org/@smithy/node-http-handler/-/node-http-handler-4.9.13.tgz 1ms (cache hit)
194 http cache @smithy/fetch-http-handler@https://registry.npmjs.org/@smithy/fetch-http-handler/-/fetch-http-handler-5.6.13.tgz 0ms (cache hit)
195 http cache @smithy/credential-provider-imds@https://registry.npmjs.org/@smithy/credential-provider-imds/-/credential-provider-imds-4.4.16.tgz 0ms (cache hit)
196 http cache @smithy/core@https://registry.npmjs.org/@smithy/core/-/core-3.31.1.tgz 0ms (cache hit)
197 http cache @aws/lambda-invoke-store@https://registry.npmjs.org/@aws/lambda-invoke-store/-/lambda-invoke-store-0.3.0.tgz 0ms (cache hit)
198 http cache @aws-sdk/xml-builder@https://registry.npmjs.org/@aws-sdk/xml-builder/-/xml-builder-3.972.37.tgz 0ms (cache hit)
199 http cache @aws-sdk/types@https://registry.npmjs.org/@aws-sdk/types/-/types-3.974.2.tgz 0ms (cache hit)
200 http cache @aws-sdk/token-providers@https://registry.npmjs.org/@aws-sdk/token-providers/-/token-providers-3.1103.0.tgz 0ms (cache hit)
201 http cache @aws-sdk/signature-v4-multi-region@https://registry.npmjs.org/@aws-sdk/signature-v4-multi-region/-/signature-v4-multi-region-3.996.43.tgz 0ms (cache hit)
202 http cache @aws-sdk/s3-request-presigner@https://registry.npmjs.org/@aws-sdk/s3-request-presigner/-/s3-request-presigner-3.1106.0.tgz 0ms (cache hit)
203 http cache @aws-sdk/nested-clients@https://registry.npmjs.org/@aws-sdk/nested-clients/-/nested-clients-3.997.41.tgz 0ms (cache hit)
204 http cache @aws-sdk/middleware-sdk-s3@https://registry.npmjs.org/@aws-sdk/middleware-sdk-s3/-/middleware-sdk-s3-3.972.72.tgz 0ms (cache hit)
205 http cache @aws-sdk/lib-storage@https://registry.npmjs.org/@aws-sdk/lib-storage/-/lib-storage-3.1106.0.tgz 0ms (cache hit)
206 http cache @aws-sdk/credential-provider-web-identity@https://registry.npmjs.org/@aws-sdk/credential-provider-web-identity/-/credential-provider-web-identity-3.972.73.tgz 0ms (cache hit)
207 http cache @aws-sdk/credential-provider-sso@https://registry.npmjs.org/@aws-sdk/credential-provider-sso/-/credential-provider-sso-3.973.11.tgz 0ms (cache hit)
208 http cache @aws-sdk/credential-provider-process@https://registry.npmjs.org/@aws-sdk/credential-provider-process/-/credential-provider-process-3.972.67.tgz 1ms (cache hit)
209 http cache @aws-sdk/credential-provider-node@https://registry.npmjs.org/@aws-sdk/credential-provider-node/-/credential-provider-node-3.972.78.tgz 0ms (cache hit)
210 http cache @aws-sdk/credential-provider-login@https://registry.npmjs.org/@aws-sdk/credential-provider-login/-/credential-provider-login-3.972.74.tgz 1ms (cache hit)
211 http cache @aws-sdk/credential-provider-ini@https://registry.npmjs.org/@aws-sdk/credential-provider-ini/-/credential-provider-ini-3.973.12.tgz 0ms (cache hit)
212 http cache @aws-sdk/credential-provider-http@https://registry.npmjs.org/@aws-sdk/credential-provider-http/-/credential-provider-http-3.972.69.tgz 1ms (cache hit)
213 http cache @aws-sdk/credential-provider-env@https://registry.npmjs.org/@aws-sdk/credential-provider-env/-/credential-provider-env-3.972.67.tgz 0ms (cache hit)
214 http cache @aws-sdk/core@https://registry.npmjs.org/@aws-sdk/core/-/core-3.977.6.tgz 0ms (cache hit)
215 http cache @aws-sdk/client-s3@https://registry.npmjs.org/@aws-sdk/client-s3/-/client-s3-3.1106.0.tgz 0ms (cache hit)
216 http cache @aws-sdk/checksums@https://registry.npmjs.org/@aws-sdk/checksums/-/checksums-3.1000.26.tgz 1ms (cache hit)
217 http cache string_decoder@https://registry.npmjs.org/string_decoder/-/string_decoder-1.1.1.tgz 0ms (cache hit)
218 http cache safe-buffer@https://registry.npmjs.org/safe-buffer/-/safe-buffer-5.1.2.tgz 1ms (cache hit)
219 http cache readable-stream@https://registry.npmjs.org/readable-stream/-/readable-stream-2.3.8.tgz 0ms (cache hit)
220 http cache ms@https://registry.npmjs.org/ms/-/ms-2.1.3.tgz 0ms (cache hit)
221 http fetch POST 200 https://registry.npmjs.org/-/npm/v1/security/advisories/bulk 3528ms
222 silly audit report {
222 silly audit report   uuid: [
222 silly audit report     {
222 silly audit report       id: 1119441,
222 silly audit report       url: 'https://github.com/advisories/GHSA-w5hq-g745-h8pq',
222 silly audit report       title: 'uuid: Missing buffer bounds check in v3/v5/v6 when buf is provided',
222 silly audit report       severity: 'moderate',
222 silly audit report       vulnerable_versions: '<11.1.1',
222 silly audit report       cwe: [Array],
222 silly audit report       cvss: [Object]
222 silly audit report     }
222 silly audit report   ]
222 silly audit report }
223 silly packumentCache corgi:https://registry.npmjs.org/uuid cache-miss
224 http fetch GET 200 https://registry.npmjs.org/uuid 3832ms (cache revalidated)
225 silly packumentCache corgi:https://registry.npmjs.org/uuid set size:82973 disposed:false
226 warn deprecated multer@1.4.5-lts.2: Multer 1.x is impacted by a number of vulnerabilities, which have been patched in 2.x. You should upgrade to the latest 2.x version.
227 warn deprecated uuid@9.0.1: uuid@10 and below is no longer supported.  For ESM codebases, update to uuid@latest.  For CommonJS codebases, use uuid@11 (but be aware this version will likely be deprecated in 2028).
228 silly ADD node_modules/process-nextick-args
229 silly ADD node_modules/isarray
230 silly ADD node_modules/core-util-is
231 silly ADD node_modules/minimist
232 silly ADD node_modules/typedarray
233 silly ADD node_modules/buffer-from
234 silly ADD node_modules/streamsearch
235 silly ADD node_modules/xtend
236 silly ADD node_modules/mkdirp
237 silly ADD node_modules/concat-stream
238 silly ADD node_modules/concat-stream/node_modules/string_decoder
239 silly ADD node_modules/concat-stream/node_modules/safe-buffer
240 silly ADD node_modules/concat-stream/node_modules/readable-stream
241 silly ADD node_modules/busboy
242 silly ADD node_modules/append-field
243 silly ADD node_modules/multer
244 silly ADD node_modules/vary
245 silly ADD node_modules/uuid
246 silly ADD node_modules/utils-merge
247 silly ADD node_modules/util-deprecate
248 silly ADD node_modules/unpipe
249 silly ADD node_modules/type-is
250 silly ADD node_modules/tslib
251 silly ADD node_modules/toidentifier
252 silly ADD node_modules/string_decoder
253 silly ADD node_modules/stream-browserify
254 silly ADD node_modules/statuses
255 silly ADD node_modules/side-channel-weakmap
256 silly ADD node_modules/side-channel-map
257 silly ADD node_modules/side-channel-list
258 silly ADD node_modules/side-channel
259 silly ADD node_modules/setprototypeof
260 silly ADD node_modules/serve-static
261 silly ADD node_modules/send
262 silly ADD node_modules/send/node_modules/ms
263 silly ADD node_modules/safer-buffer
264 silly ADD node_modules/safe-buffer
265 silly ADD node_modules/readable-stream
266 silly ADD node_modules/raw-body
267 silly ADD node_modules/range-parser
268 silly ADD node_modules/qs
269 silly ADD node_modules/proxy-addr
270 silly ADD node_modules/path-to-regexp
271 silly ADD node_modules/parseurl
272 silly ADD node_modules/on-finished
273 silly ADD node_modules/object-inspect
274 silly ADD node_modules/object-assign
275 silly ADD node_modules/negotiator
276 silly ADD node_modules/ms
277 silly ADD node_modules/mime-types
278 silly ADD node_modules/mime-db
279 silly ADD node_modules/mime
280 silly ADD node_modules/methods
281 silly ADD node_modules/merge-descriptors
282 silly ADD node_modules/media-typer
283 silly ADD node_modules/math-intrinsics
284 silly ADD node_modules/ipaddr.js
285 silly ADD node_modules/inherits
286 silly ADD node_modules/ieee754
287 silly ADD node_modules/iconv-lite
288 silly ADD node_modules/http-errors
289 silly ADD node_modules/hasown
290 silly ADD node_modules/has-symbols
291 silly ADD node_modules/gopd
292 silly ADD node_modules/get-proto
293 silly ADD node_modules/get-intrinsic
294 silly ADD node_modules/function-bind
295 silly ADD node_modules/fresh
296 silly ADD node_modules/forwarded
297 silly ADD node_modules/finalhandler
298 silly ADD node_modules/express
299 silly ADD node_modules/events
300 silly ADD node_modules/etag
301 silly ADD node_modules/escape-html
302 silly ADD node_modules/es-object-atoms
303 silly ADD node_modules/es-errors
304 silly ADD node_modules/es-define-property
305 silly ADD node_modules/encodeurl
306 silly ADD node_modules/ee-first
307 silly ADD node_modules/dunder-proto
308 silly ADD node_modules/dotenv
309 silly ADD node_modules/destroy
310 silly ADD node_modules/depd
311 silly ADD node_modules/debug
312 silly ADD node_modules/cors
313 silly ADD node_modules/cookie-signature
314 silly ADD node_modules/cookie
315 silly ADD node_modules/content-type
316 silly ADD node_modules/content-disposition
317 silly ADD node_modules/call-bound
318 silly ADD node_modules/call-bind-apply-helpers
319 silly ADD node_modules/bytes
320 silly ADD node_modules/buffer
321 silly ADD node_modules/bowser
322 silly ADD node_modules/body-parser
323 silly ADD node_modules/base64-js
324 silly ADD node_modules/array-flatten
325 silly ADD node_modules/accepts
326 silly ADD node_modules/@smithy/types
327 silly ADD node_modules/@smithy/signature-v4
328 silly ADD node_modules/@smithy/node-http-handler
329 silly ADD node_modules/@smithy/fetch-http-handler
330 silly ADD node_modules/@smithy/credential-provider-imds
331 silly ADD node_modules/@smithy/core
332 silly ADD node_modules/@aws/lambda-invoke-store
333 silly ADD node_modules/@aws-sdk/xml-builder
334 silly ADD node_modules/@aws-sdk/types
335 silly ADD node_modules/@aws-sdk/token-providers
336 silly ADD node_modules/@aws-sdk/signature-v4-multi-region
337 silly ADD node_modules/@aws-sdk/s3-request-presigner
338 silly ADD node_modules/@aws-sdk/nested-clients
339 silly ADD node_modules/@aws-sdk/middleware-sdk-s3
340 silly ADD node_modules/@aws-sdk/lib-storage
341 silly ADD node_modules/@aws-sdk/credential-provider-web-identity
342 silly ADD node_modules/@aws-sdk/credential-provider-sso
343 silly ADD node_modules/@aws-sdk/credential-provider-process
344 silly ADD node_modules/@aws-sdk/credential-provider-node
345 silly ADD node_modules/@aws-sdk/credential-provider-login
346 silly ADD node_modules/@aws-sdk/credential-provider-ini
347 silly ADD node_modules/@aws-sdk/credential-provider-http
348 silly ADD node_modules/@aws-sdk/credential-provider-env
349 silly ADD node_modules/@aws-sdk/core
350 silly ADD node_modules/@aws-sdk/client-s3
351 silly ADD node_modules/@aws-sdk/checksums
352 verbose cwd /data/data/com.termux/files/home/stream-recorder
353 verbose os Linux 5.4.286-android12-9-g9567b16fd941-ab762
354 verbose node v26.4.0
355 verbose npm  v11.19.0
356 verbose exit 0
357 info ok
