0 verbose cli /data/data/com.termux/files/usr/bin/node /data/data/com.termux/files/usr/bin/npm
1 info using npm@11.19.1
2 info using node@v26.4.0
3 silly config load:file:/data/data/com.termux/files/usr/lib/node_modules/npm/npmrc
4 silly config load:file:/data/data/com.termux/files/home/TMDB-Embed-API/.npmrc
5 silly config load:file:/data/data/com.termux/files/home/.npmrc
6 silly config load:file:/data/data/com.termux/files/usr/etc/npmrc
7 verbose title npm install
8 verbose argv "install"
9 verbose logfile logs-max:10 dir:/data/data/com.termux/files/home/.npm/_logs/2026-09-22T09_35_41_142Z-
10 verbose logfile /data/data/com.termux/files/home/.npm/_logs/2026-09-22T09_35_41_142Z-debug-0.log
11 silly logfile start cleaning logs, removing 1 files
12 silly logfile done cleaning log files
13 silly packumentCache heap:1113325568 maxSize:278331392 maxEntrySize:139165696
14 silly idealTree buildDeps
15 silly reify moves {}
16 silly audit bulk request {
16 silly audit   '@asamuzakjp/css-color': [ '3.2.0' ],
16 silly audit   'lru-cache': [ '10.4.3' ],
16 silly audit   '@csstools/color-helpers': [ '5.0.2' ],
16 silly audit   '@csstools/css-calc': [ '2.1.4' ],
16 silly audit   '@csstools/css-color-parser': [ '3.0.10' ],
16 silly audit   '@csstools/css-parser-algorithms': [ '3.0.5' ],
16 silly audit   '@csstools/css-tokenizer': [ '3.0.4' ],
16 silly audit   '@eslint-community/eslint-utils': [ '4.9.0' ],
16 silly audit   '@eslint-community/regexpp': [ '4.12.1' ],
16 silly audit   '@eslint/eslintrc': [ '2.1.4' ],
16 silly audit   debug: [ '4.4.3', '2.6.9', '4.4.1' ],
16 silly audit   ms: [ '2.1.3', '2.0.0' ],
16 silly audit   '@eslint/js': [ '8.57.1' ],
16 silly audit   '@humanwhocodes/config-array': [ '0.13.0' ],
16 silly audit   '@humanwhocodes/module-importer': [ '1.0.1' ],
16 silly audit   '@humanwhocodes/object-schema': [ '2.0.3' ],
16 silly audit   '@nodelib/fs.scandir': [ '2.1.5' ],
16 silly audit   '@nodelib/fs.stat': [ '2.0.5' ],
16 silly audit   '@nodelib/fs.walk': [ '1.2.8' ],
16 silly audit   '@ungap/structured-clone': [ '1.3.0' ],
16 silly audit   accepts: [ '1.3.8' ],
16 silly audit   acorn: [ '8.15.0' ],
16 silly audit   'acorn-jsx': [ '5.3.2' ],
16 silly audit   'agent-base': [ '7.1.3', '6.0.2', '9.0.0' ],
16 silly audit   ajv: [ '6.15.0' ],
16 silly audit   'ansi-regex': [ '5.0.1' ],
16 silly audit   'ansi-styles': [ '4.3.0' ],
16 silly audit   anymatch: [ '3.1.3' ],
16 silly audit   argparse: [ '2.0.1' ],
16 silly audit   aromanize: [ '0.1.5' ],
16 silly audit   'array-flatten': [ '1.1.1' ],
16 silly audit   asynckit: [ '0.4.0' ],
16 silly audit   axios: [ '1.19.0' ],
16 silly audit   'axios-cookiejar-support': [ '7.0.0' ],
16 silly audit   'https-proxy-agent': [ '5.0.1', '7.0.6' ],
16 silly audit   'balanced-match': [ '1.0.2' ],
16 silly audit   'binary-extensions': [ '2.3.0' ],
16 silly audit   'body-parser': [ '2.3.0', '1.20.6' ],
16 silly audit   'content-type': [ '2.1.0', '1.0.5' ],
16 silly audit   'http-errors': [ '2.0.1', '2.0.0' ],
16 silly audit   'iconv-lite': [ '0.7.2', '0.4.24', '0.6.3' ],
16 silly audit   'media-typer': [ '1.1.1', '0.3.0' ],
16 silly audit   'mime-db': [ '1.54.0', '1.52.0' ],
16 silly audit   'mime-types': [ '3.0.2', '2.1.35' ],
16 silly audit   statuses: [ '2.0.2', '2.0.1' ],
16 silly audit   'type-is': [ '2.1.0', '1.6.18' ],
16 silly audit   boolbase: [ '1.0.0' ],
16 silly audit   'brace-expansion': [ '1.1.18' ],
16 silly audit   braces: [ '3.0.3' ],
16 silly audit   bytes: [ '3.1.2' ],
16 silly audit   'call-bind-apply-helpers': [ '1.0.2' ],
16 silly audit   'call-bound': [ '1.0.4' ],
16 silly audit   callsites: [ '3.1.0' ],
16 silly audit   chalk: [ '4.1.2' ],
16 silly audit   'has-flag': [ '4.0.0', '3.0.0' ],
16 silly audit   'supports-color': [ '7.2.0', '5.5.0' ],
16 silly audit   cheerio: [ '1.2.0' ],
16 silly audit   'cheerio-select': [ '2.1.0' ],
16 silly audit   chokidar: [ '3.6.0' ],
16 silly audit   cliui: [ '8.0.1' ],
16 silly audit   'is-fullwidth-code-point': [ '3.0.0' ],
16 silly audit   'string-width': [ '4.2.3' ],
16 silly audit   'color-convert': [ '2.0.1' ],
16 silly audit   'color-name': [ '1.1.4' ],
16 silly audit   'combined-stream': [ '1.0.8' ],
16 silly audit   'concat-map': [ '0.0.1' ],
16 silly audit   'content-disposition': [ '0.5.4' ],
16 silly audit   cookie: [ '0.7.1' ],
16 silly audit   'cookie-signature': [ '1.0.6' ],
16 silly audit   cors: [ '2.8.5' ],
16 silly audit   'cross-spawn': [ '7.0.6' ],
16 silly audit   'crypto-js': [ '4.2.0' ],
16 silly audit   'css-select': [ '5.1.0' ],
16 silly audit   'css-what': [ '6.1.0' ],
16 silly audit   cssstyle: [ '4.6.0' ],
16 silly audit   'data-urls': [ '5.0.0' ],
16 silly audit   tr46: [ '5.1.1', '0.0.3' ],
16 silly audit   'webidl-conversions': [ '7.0.0', '3.0.1' ],
16 silly audit   'whatwg-url': [ '14.2.0', '5.0.0' ],
16 silly audit   'decimal.js': [ '10.6.0' ],
16 silly audit   'deep-is': [ '0.1.4' ],
16 silly audit   'delayed-stream': [ '1.0.0' ],
16 silly audit   depd: [ '2.0.0' ],
16 silly audit   destroy: [ '1.2.0' ],
16 silly audit   doctrine: [ '3.0.0' ],
16 silly audit   'dom-serializer': [ '2.0.0' ],
16 silly audit   domelementtype: [ '2.3.0' ],
16 silly audit   domhandler: [ '5.0.3' ],
16 silly audit   domutils: [ '3.2.2' ],
16 silly audit   dotenv: [ '16.5.0' ],
16 silly audit   'dunder-proto': [ '1.0.1' ],
16 silly audit   'ee-first': [ '1.1.1' ],
16 silly audit   'emoji-regex': [ '8.0.0' ],
16 silly audit   encodeurl: [ '2.0.0', '1.0.2' ],
16 silly audit   'encoding-sniffer': [ '0.2.1' ],
16 silly audit   entities: [ '4.5.0', '7.0.1', '6.0.0' ],
16 silly audit   'es-define-property': [ '1.0.1' ],
16 silly audit   'es-errors': [ '1.3.0' ],
16 silly audit   'es-object-atoms': [ '1.1.1' ],
16 silly audit   'es-set-tostringtag': [ '2.1.0' ],
16 silly audit   escalade: [ '3.2.0' ],
16 silly audit   'escape-html': [ '1.0.3' ],
16 silly audit   'escape-string-regexp': [ '4.0.0' ],
16 silly audit   eslint: [ '8.57.1' ],
16 silly audit   'eslint-scope': [ '7.2.2' ],
16 silly audit   'eslint-visitor-keys': [ '3.4.3' ],
16 silly audit   'glob-parent': [ '6.0.2', '5.1.2' ],
16 silly audit   espree: [ '9.6.1' ],
16 silly audit   esquery: [ '1.6.0' ],
16 silly audit   esrecurse: [ '4.3.0' ],
16 silly audit   estraverse: [ '5.3.0' ],
16 silly audit   esutils: [ '2.0.3' ],
16 silly audit   etag: [ '1.8.1' ],
16 silly audit   express: [ '4.22.2' ],
16 silly audit   'raw-body': [ '2.5.3', '3.0.2' ],
16 silly audit   'fast-deep-equal': [ '3.1.3' ],
16 silly audit   'fast-json-stable-stringify': [ '2.1.0' ],
16 silly audit   'fast-levenshtein': [ '2.0.6' ],
16 silly audit   fastq: [ '1.19.1' ],
16 silly audit   'file-entry-cache': [ '6.0.1' ],
16 silly audit   'fill-range': [ '7.1.1' ],
16 silly audit   finalhandler: [ '1.3.1' ],
16 silly audit   'find-up': [ '5.0.0' ],
16 silly audit   'flat-cache': [ '3.2.0' ],
16 silly audit   flatted: [ '3.4.2' ],
16 silly audit   'follow-redirects': [ '1.16.0' ],
16 silly audit   'form-data': [ '4.0.6' ],
16 silly audit   forwarded: [ '0.2.0' ],
16 silly audit   fresh: [ '0.5.2' ],
16 silly audit   'fs.realpath': [ '1.0.0' ],
16 silly audit   fsevents: [ '2.3.3' ],
16 silly audit   'function-bind': [ '1.1.2' ],
16 silly audit   'get-caller-file': [ '2.0.5' ],
16 silly audit   'get-intrinsic': [ '1.3.0' ],
16 silly audit   'get-proto': [ '1.0.1' ],
16 silly audit   glob: [ '7.2.3' ],
16 silly audit   globals: [ '13.24.0' ],
16 silly audit   gopd: [ '1.2.0' ],
16 silly audit   graphemer: [ '1.4.0' ],
16 silly audit   'has-symbols': [ '1.1.0' ],
16 silly audit   'has-tostringtag': [ '1.0.2' ],
16 silly audit   hasown: [ '2.0.4' ],
16 silly audit   'hls-parser': [ '0.13.5' ],
16 silly audit   'html-encoding-sniffer': [ '4.0.0' ],
16 silly audit   htmlparser2: [ '10.1.0' ],
16 silly audit   'http-cookie-agent': [ '8.0.0' ],
16 silly audit   'http-proxy-agent': [ '7.0.2' ],
16 silly audit   ignore: [ '5.3.2' ],
16 silly audit   'ignore-by-default': [ '1.0.1' ],
16 silly audit   'import-fresh': [ '3.3.1' ],
16 silly audit   imurmurhash: [ '0.1.4' ],
16 silly audit   inflight: [ '1.0.6' ],
16 silly audit   inherits: [ '2.0.4' ],
16 silly audit   'ipaddr.js': [ '1.9.1' ],
16 silly audit   'is-binary-path': [ '2.1.0' ],
16 silly audit   'is-extglob': [ '2.1.1' ],
16 silly audit   'is-glob': [ '4.0.3' ],
16 silly audit   'is-number': [ '7.0.0' ],
16 silly audit   'is-path-inside': [ '3.0.3' ],
16 silly audit   'is-potential-custom-element-name': [ '1.0.1' ],
16 silly audit   isexe: [ '2.0.0' ],
16 silly audit   'js-yaml': [ '4.3.1' ],
16 silly audit   jsdom: [ '26.1.0' ],
16 silly audit   'json-buffer': [ '3.0.1' ],
16 silly audit   'json-schema-traverse': [ '0.4.1' ],
16 silly audit   'json-stable-stringify-without-jsonify': [ '1.0.1' ],
16 silly audit   keyv: [ '4.5.4' ],
16 silly audit   levn: [ '0.4.1' ],
16 silly audit   'locate-path': [ '6.0.0' ],
16 silly audit   'lodash.merge': [ '4.6.2' ],
16 silly audit   'math-intrinsics': [ '1.1.0' ],
16 silly audit   'merge-descriptors': [ '1.0.3' ],
16 silly audit   methods: [ '1.1.2' ],
16 silly audit   mime: [ '1.6.0' ],
16 silly audit   minimatch: [ '3.1.5' ],
16 silly audit   'natural-compare': [ '1.4.0' ],
16 silly audit   negotiator: [ '0.6.3' ],
16 silly audit   'node-fetch': [ '2.7.0' ],
16 silly audit   nodemon: [ '3.1.10' ],
16 silly audit   semver: [ '7.7.2' ],
16 silly audit   'normalize-path': [ '3.0.0' ],
16 silly audit   'nth-check': [ '2.1.1' ],
16 silly audit   nwsapi: [ '2.2.21' ],
16 silly audit   'object-assign': [ '4.1.1' ],
16 silly audit   'object-inspect': [ '1.13.4' ],
16 silly audit   'on-finished': [ '2.4.1' ],
16 silly audit   once: [ '1.4.0' ],
16 silly audit   optionator: [ '0.9.4' ],
16 silly audit   'p-limit': [ '6.2.0', '3.1.0' ],
16 silly audit   'p-locate': [ '5.0.0' ],
16 silly audit   'yocto-queue': [ '0.1.0', '1.2.1' ],
16 silly audit   'parent-module': [ '1.0.1' ],
16 silly audit   parse5: [ '7.3.0' ],
16 silly audit   'parse5-htmlparser2-tree-adapter': [ '7.1.0' ],
16 silly audit   'parse5-parser-stream': [ '7.1.2' ],
16 silly audit   parseurl: [ '1.3.3' ],
16 silly audit   'path-exists': [ '4.0.0' ],
16 silly audit   'path-is-absolute': [ '1.0.1' ],
16 silly audit   'path-key': [ '3.1.1' ],
16 silly audit   'path-to-regexp': [ '0.1.13' ],
16 silly audit   picomatch: [ '2.3.2' ],
16 silly audit   'prelude-ls': [ '1.2.1' ],
16 silly audit   'proxy-addr': [ '2.0.7' ],
16 silly audit   'proxy-from-env': [ '2.1.0' ],
16 silly audit   'pstree.remy': [ '1.1.8' ],
16 silly audit   punycode: [ '2.3.1' ],
16 silly audit   qs: [ '6.15.3' ],
16 silly audit   'queue-microtask': [ '1.2.3' ],
16 silly audit   'range-parser': [ '1.2.1' ],
16 silly audit   readdirp: [ '3.6.0' ],
16 silly audit   'require-directory': [ '2.1.1' ],
16 silly audit   'resolve-from': [ '4.0.0' ],
16 silly audit   reusify: [ '1.1.0' ],
16 silly audit   rimraf: [ '3.0.2' ],
16 silly audit   'rrweb-cssom': [ '0.8.0' ],
16 silly audit   'run-parallel': [ '1.2.0' ],
16 silly audit   'safe-buffer': [ '5.2.1' ],
16 silly audit   'safer-buffer': [ '2.1.2' ],
16 silly audit   saxes: [ '6.0.0' ],
16 silly audit   send: [ '0.19.0' ],
16 silly audit   'serve-static': [ '1.16.2' ],
16 silly audit   setprototypeof: [ '1.2.0' ],
16 silly audit   'shebang-command': [ '2.0.0' ],
16 silly audit   'shebang-regex': [ '3.0.0' ],
16 silly audit   'side-channel': [ '1.1.1' ],
16 silly audit   'side-channel-list': [ '1.0.1' ],
16 silly audit   'side-channel-map': [ '1.0.1' ],
16 silly audit   'side-channel-weakmap': [ '1.0.2' ],
16 silly audit   'simple-update-notifier': [ '2.0.0' ],
16 silly audit   'string-similarity': [ '4.0.4' ],
16 silly audit   'strip-ansi': [ '6.0.1' ],
16 silly audit   'strip-json-comments': [ '3.1.1' ],
16 silly audit   'symbol-tree': [ '3.2.4' ],
16 silly audit   'text-table': [ '0.2.0' ],
16 silly audit   tldts: [ '6.1.86' ],
16 silly audit   'tldts-core': [ '6.1.86' ],
16 silly audit   'to-regex-range': [ '5.0.1' ],
16 silly audit   toidentifier: [ '1.0.1' ],
16 silly audit   touch: [ '3.1.1' ],
16 silly audit   'tough-cookie': [ '5.1.2' ],
16 silly audit   'ttl-cache': [ '1.0.2' ],
16 silly audit   'type-check': [ '0.4.0' ],
16 silly audit   'type-fest': [ '0.20.2' ],
16 silly audit   undefsafe: [ '2.0.5' ],
16 silly audit   undici: [ '7.29.0' ],
16 silly audit   unpipe: [ '1.0.0' ],
16 silly audit   'uri-js': [ '4.4.1' ],
16 silly audit   'utils-merge': [ '1.0.1' ],
16 silly audit   vary: [ '1.1.2' ],
16 silly audit   'w3c-xmlserializer': [ '5.0.0' ],
16 silly audit   'whatwg-encoding': [ '3.1.1' ],
16 silly audit   'whatwg-mimetype': [ '4.0.0' ],
16 silly audit   which: [ '2.0.2' ],
16 silly audit   'word-wrap': [ '1.2.5' ],
16 silly audit   'wrap-ansi': [ '7.0.0' ],
16 silly audit   wrappy: [ '1.0.2' ],
16 silly audit   ws: [ '8.21.3' ],
16 silly audit   'xml-name-validator': [ '5.0.0' ],
16 silly audit   xmlchars: [ '2.2.0' ],
16 silly audit   y18n: [ '5.0.8' ],
16 silly audit   yargs: [ '17.7.2' ],
16 silly audit   'yargs-parser': [ '21.1.1' ]
16 silly audit }
17 http fetch POST 200 https://registry.npmjs.org/-/npm/v1/security/advisories/bulk 6110ms
18 silly audit report {
18 silly audit report   'js-yaml': [
18 silly audit report     {
18 silly audit report       id: 1193727,
18 silly audit report       url: 'https://github.com/advisories/GHSA-2883-xcg3-v3hh',
18 silly audit report       title: 'js-yaml: maxTotalMergeKeys does not limit CPU use for empty merge sources',
18 silly audit report       severity: 'high',
18 silly audit report       vulnerable_versions: '>=4.0.0 <4.3.2',
18 silly audit report       cwe: [Array],
18 silly audit report       cvss: [Object]
18 silly audit report     }
18 silly audit report   ],
18 silly audit report   qs: [
18 silly audit report     {
18 silly audit report       id: 1158506,
18 silly audit report       url: 'https://github.com/advisories/GHSA-x5fp-wj9c-mxmx',
18 silly audit report       title: 'qs array-limit bypass via bracket-key comma parsing',
18 silly audit report       severity: 'moderate',
18 silly audit report       vulnerable_versions: '>=6.14.2 <=6.15.3',
18 silly audit report       cwe: [Array],
18 silly audit report       cvss: [Object]
18 silly audit report     },
18 silly audit report     {
18 silly audit report       id: 1158507,
18 silly audit report       url: 'https://github.com/advisories/GHSA-4mjr-xmp4-gh2g',
18 silly audit report       title: 'qs: Denial of Service via Attacker Controlled isBuffer',
18 silly audit report       severity: 'moderate',
18 silly audit report       vulnerable_versions: '>=2.2.5 <6.16.0',
18 silly audit report       cwe: [Array],
18 silly audit report       cvss: [Object]
18 silly audit report     }
18 silly audit report   ]
18 silly audit report }
19 silly packumentCache corgi:https://registry.npmjs.org/js-yaml cache-miss
20 silly packumentCache corgi:https://registry.npmjs.org/qs cache-miss
21 http fetch GET 200 https://registry.npmjs.org/js-yaml 566ms (cache revalidated)
22 silly packumentCache corgi:https://registry.npmjs.org/js-yaml set size:77983 disposed:false
23 http fetch GET 200 https://registry.npmjs.org/qs 1796ms (cache revalidated)
24 silly packumentCache corgi:https://registry.npmjs.org/qs set size:149425 disposed:false
25 silly packumentCache corgi:https://registry.npmjs.org/@eslint%2feslintrc cache-miss
26 silly packumentCache corgi:https://registry.npmjs.org/eslint cache-miss
27 http fetch GET 200 https://registry.npmjs.org/@eslint%2feslintrc 422ms (cache revalidated)
28 silly packumentCache corgi:https://registry.npmjs.org/@eslint%2feslintrc set size:85827 disposed:false
29 http fetch GET 200 https://registry.npmjs.org/eslint 451ms (cache revalidated)
30 silly packumentCache corgi:https://registry.npmjs.org/eslint set size:1198307 disposed:false
31 silly packumentCache corgi:https://registry.npmjs.org/body-parser cache-miss
32 silly packumentCache corgi:https://registry.npmjs.org/express cache-miss
33 http fetch GET 200 https://registry.npmjs.org/body-parser 531ms (cache revalidated)
34 silly packumentCache corgi:https://registry.npmjs.org/body-parser set size:82509 disposed:false
35 http fetch GET 200 https://registry.npmjs.org/express 558ms (cache revalidated)
36 silly packumentCache corgi:https://registry.npmjs.org/express set size:341170 disposed:false
37 verbose cwd /data/data/com.termux/files/home/TMDB-Embed-API
38 verbose os Linux 5.4.286-android12-9-g9567b16fd941-ab762
39 verbose node v26.4.0
40 verbose npm  v11.19.1
41 verbose exit 0
42 info ok
